// Jest Snapshot v1, https://goo.gl/fbAQLP

exports[`Date Input Component should render with given state from Redux store 1`] = `
<div
  className="input-container"
>
  <label
    htmlFor="date"
  >
    Meal Date:  
  </label>
  <input
    id="date"
    onChange={[Function]}
    type="date"
    value="2020-07-14"
  />
</div>
`;
