// Jest Snapshot v1, https://goo.gl/fbAQLP

exports[`Card Title Component should render with given props 1`] = `
<div
  className="flip-card-front"
>
  <div>
    Potato Salad
  </div>
</div>
`;
